2026-07-27 14:48:14  pid=29288  mapa=mapa_grande norm=mapa controlo=base modelos=results\models_7d  ARRANQUE mapa=mapa_grande norm=mapa controlo=base modelos=results\models_7d
2026-07-27 14:48:14  pid=29288  mapa=mapa_grande norm=mapa controlo=base modelos=results\models_7d  a correr GNN x none (modelo de 2026-07-03)
2026-07-27 15:00:18  pid=29288  mapa=mapa_grande norm=mapa controlo=base modelos=results\models_7d  FEITA GNN x none: 7.2 recolhas/ep, 100% sucesso (20 episódios no ficheiro)
2026-07-27 15:00:18  pid=29288  mapa=mapa_grande norm=mapa controlo=base modelos=results\models_7d  a correr GNN x u_wall (modelo de 2026-07-03)
2026-07-27 15:12:25  pid=29288  mapa=mapa_grande norm=mapa controlo=base modelos=results\models_7d  FEITA GNN x u_wall: 0.0 recolhas/ep, 0% sucesso (40 episódios no ficheiro)
2026-07-27 15:12:25  pid=29288  mapa=mapa_grande norm=mapa controlo=base modelos=results\models_7d  a correr GNN x bottleneck (modelo de 2026-07-05)
2026-07-27 15:24:28  pid=29288  mapa=mapa_grande norm=mapa controlo=base modelos=results\models_7d  FEITA GNN x bottleneck: 0.0 recolhas/ep, 0% sucesso (60 episódios no ficheiro)
2026-07-27 15:24:28  pid=29288  mapa=mapa_grande norm=mapa controlo=base modelos=results\models_7d  a correr GNN x four_rooms (modelo de 2026-07-06)
2026-07-27 15:36:28  pid=29288  mapa=mapa_grande norm=mapa controlo=base modelos=results\models_7d  FEITA GNN x four_rooms: 0.0 recolhas/ep, 0% sucesso (80 episódios no ficheiro)
2026-07-27 15:36:28  pid=29288  mapa=mapa_grande norm=mapa controlo=base modelos=results\models_7d  a correr GNN x cooperative_door (modelo de 2026-07-07)
2026-07-27 15:48:40  pid=29288  mapa=mapa_grande norm=mapa controlo=base modelos=results\models_7d  FEITA GNN x cooperative_door: 0.0 recolhas/ep, 0% sucesso (100 episódios no ficheiro)
2026-07-27 15:48:40  pid=29288  mapa=mapa_grande norm=mapa controlo=base modelos=results\models_7d  a correr GNN x cooperative_perception (modelo de 2026-07-08)
2026-07-27 16:00:43  pid=29288  mapa=mapa_grande norm=mapa controlo=base modelos=results\models_7d  FEITA GNN x cooperative_perception: 17.3 recolhas/ep, 100% sucesso (120 episódios no ficheiro)
2026-07-27 16:00:43  pid=29288  mapa=mapa_grande norm=mapa controlo=base modelos=results\models_7d  a correr GNN x cooperative_door_bypass (modelo de 2026-07-09)
2026-07-27 16:12:48  pid=29288  mapa=mapa_grande norm=mapa controlo=base modelos=results\models_7d  FEITA GNN x cooperative_door_bypass: 2.5 recolhas/ep, 55% sucesso (140 episódios no ficheiro)
2026-07-27 16:12:48  pid=29288  mapa=mapa_grande norm=mapa controlo=base modelos=results\models_7d  a correr PPO x none (modelo de 2026-07-03)
2026-07-27 16:23:27  pid=29288  mapa=mapa_grande norm=mapa controlo=base modelos=results\models_7d  FEITA PPO x none: 0.0 recolhas/ep, 0% sucesso (160 episódios no ficheiro)
2026-07-27 16:23:27  pid=29288  mapa=mapa_grande norm=mapa controlo=base modelos=results\models_7d  a correr PPO x u_wall (modelo de 2026-07-03)
2026-07-27 16:33:54  pid=29288  mapa=mapa_grande norm=mapa controlo=base modelos=results\models_7d  FEITA PPO x u_wall: 0.0 recolhas/ep, 0% sucesso (180 episódios no ficheiro)
2026-07-27 16:33:54  pid=29288  mapa=mapa_grande norm=mapa controlo=base modelos=results\models_7d  a correr PPO x bottleneck (modelo de 2026-07-03)
2026-07-27 16:44:22  pid=29288  mapa=mapa_grande norm=mapa controlo=base modelos=results\models_7d  FEITA PPO x bottleneck: 0.0 recolhas/ep, 0% sucesso (200 episódios no ficheiro)
2026-07-27 16:44:22  pid=29288  mapa=mapa_grande norm=mapa controlo=base modelos=results\models_7d  a correr PPO x four_rooms (modelo de 2026-07-03)
2026-07-27 16:54:46  pid=29288  mapa=mapa_grande norm=mapa controlo=base modelos=results\models_7d  FEITA PPO x four_rooms: 0.0 recolhas/ep, 0% sucesso (220 episódios no ficheiro)
2026-07-27 16:54:46  pid=29288  mapa=mapa_grande norm=mapa controlo=base modelos=results\models_7d  a correr PPO x cooperative_door (modelo de 2026-07-03)
2026-07-27 17:05:21  pid=29288  mapa=mapa_grande norm=mapa controlo=base modelos=results\models_7d  FEITA PPO x cooperative_door: 0.0 recolhas/ep, 0% sucesso (240 episódios no ficheiro)
2026-07-27 17:05:21  pid=29288  mapa=mapa_grande norm=mapa controlo=base modelos=results\models_7d  a correr PPO x cooperative_perception (modelo de 2026-07-04)
2026-07-27 17:15:53  pid=29288  mapa=mapa_grande norm=mapa controlo=base modelos=results\models_7d  FEITA PPO x cooperative_perception: 0.0 recolhas/ep, 0% sucesso (260 episódios no ficheiro)
2026-07-27 17:15:53  pid=29288  mapa=mapa_grande norm=mapa controlo=base modelos=results\models_7d  a correr PPO x cooperative_door_bypass (modelo de 2026-07-04)
2026-07-27 17:25:47  pid=29288  mapa=mapa_grande norm=mapa controlo=base modelos=results\models_7d  FEITA PPO x cooperative_door_bypass: 0.0 recolhas/ep, 0% sucesso (280 episódios no ficheiro)
2026-07-27 17:25:47  pid=29288  mapa=mapa_grande norm=mapa controlo=base modelos=results\models_7d  a correr SAC x none (modelo de 2026-07-04)
2026-07-27 17:37:02  pid=29288  mapa=mapa_grande norm=mapa controlo=base modelos=results\models_7d  FEITA SAC x none: 19.6 recolhas/ep, 100% sucesso (300 episódios no ficheiro)
2026-07-27 17:37:02  pid=29288  mapa=mapa_grande norm=mapa controlo=base modelos=results\models_7d  a correr SAC x u_wall (modelo de 2026-07-05)
2026-07-27 17:47:36  pid=29288  mapa=mapa_grande norm=mapa controlo=base modelos=results\models_7d  FEITA SAC x u_wall: 0.0 recolhas/ep, 0% sucesso (320 episódios no ficheiro)
2026-07-27 17:47:36  pid=29288  mapa=mapa_grande norm=mapa controlo=base modelos=results\models_7d  a correr SAC x bottleneck (modelo de 2026-07-05)
2026-07-27 17:58:53  pid=33752  mapa=mapa_grande norm=mapa controlo=base modelos=results\models_7d  ARRANQUE mapa=mapa_grande norm=mapa controlo=base modelos=results\models_7d
2026-07-27 17:58:53  pid=33752  mapa=mapa_grande norm=mapa controlo=base modelos=results\models_7d  a correr SAC x bottleneck (modelo de 2026-07-05)
2026-07-27 18:09:38  pid=33752  mapa=mapa_grande norm=mapa controlo=base modelos=results\models_7d  FEITA SAC x bottleneck: 0.0 recolhas/ep, 0% sucesso (340 episódios no ficheiro)
2026-07-27 18:09:38  pid=33752  mapa=mapa_grande norm=mapa controlo=base modelos=results\models_7d  a correr SAC x four_rooms (modelo de 2026-07-05)
2026-07-27 18:20:20  pid=33752  mapa=mapa_grande norm=mapa controlo=base modelos=results\models_7d  FEITA SAC x four_rooms: 0.0 recolhas/ep, 0% sucesso (360 episódios no ficheiro)
2026-07-27 18:20:20  pid=33752  mapa=mapa_grande norm=mapa controlo=base modelos=results\models_7d  a correr SAC x cooperative_door (modelo de 2026-07-05)
2026-07-27 18:31:03  pid=33752  mapa=mapa_grande norm=mapa controlo=base modelos=results\models_7d  FEITA SAC x cooperative_door: 21.6 recolhas/ep, 100% sucesso (380 episódios no ficheiro)
2026-07-27 18:31:03  pid=33752  mapa=mapa_grande norm=mapa controlo=base modelos=results\models_7d  a correr SAC x cooperative_perception (modelo de 2026-07-06)
2026-07-27 18:41:52  pid=33752  mapa=mapa_grande norm=mapa controlo=base modelos=results\models_7d  FEITA SAC x cooperative_perception: 15.8 recolhas/ep, 90% sucesso (400 episódios no ficheiro)
2026-07-27 18:41:52  pid=33752  mapa=mapa_grande norm=mapa controlo=base modelos=results\models_7d  a correr SAC x cooperative_door_bypass (modelo de 2026-07-06)
2026-07-27 18:52:04  pid=33752  mapa=mapa_grande norm=mapa controlo=base modelos=results\models_7d  FEITA SAC x cooperative_door_bypass: 20.2 recolhas/ep, 100% sucesso (420 episódios no ficheiro)
2026-07-27 18:52:04  pid=33752  mapa=mapa_grande norm=mapa controlo=base modelos=results\models_7d  FIM
